// Jest Snapshot v1, https://goo.gl/fbAQLP

exports[`ContextualLinks renders correctly 1`] = `
<div
  className="sc-bczRLJ bGkHrt"
>
  <div
    className="contextual-links__section"
  >
    Prerequisites
  </div>
  <div
    className="contextual-links__link"
  >
    <a
      className="dynamic-link__external"
      href="https://www.postman.com/downloads/"
    >
      Download and Install
    </a>
  </div>
  <div
    className="contextual-links__subtitle"
  >
    Blog Posts
  </div>
  <div
    className="contextual-links__link"
  >
    <a
      className="dynamic-link__internal"
      href="/"
    >
      home
    </a>
  </div>
</div>
`;
